200 162304 xls/2013-good-friday-presidents-day__20130623203632.xls
200 1658093 xls/2013-holiday-calendars__20140326193052.zip
200 79872 xls/2013-martin-luther-king__20130309115301.xls
200 62976 xls/2013-presidents-day__20130623204106.xls
200 79360 xls/2014-4th-of-july-holiday-schedule__20140326153914.xls
200 76800 xls/2014-4th-of-july-holiday-schedule__20140708032115.xls
200 51200 xls/2014-christmas-holiday-schedule__20140326153306.xls
000  xls/2014-cme-group-holiday-schedule__20140826204712.xls
000  xls/2014-columbus-day-holiday-schedule__20140326160057.xls
000  xls/2014-good-friday-holiday-schedule__20140326154346.xls
000  xls/2014-good-friday-holiday-schedule__20140708024127.xls
000  xls/2014-holiday-calendars__20150326121739.zip
000  xls/2014-labor-day-holiday-schedule__20140326220207.xls
000  xls/2014-martin-luther-king-holiday-schedule__20140326155006.xls
000  xls/2014-memorial-day-holiday-schedule__20140326153812.xls
000  xls/2014-memorial-day-holiday-schedule__20140708022003.xls
000  xls/2014-presidents-day-holiday-schedule__20140326153120.xls
000  xls/2014-thanksgiving-holiday-schedule__20140326153109.xls
000  xls/2014-thanksgiving-holiday-schedule__20140708015206.xls
000  xls/2014-veterans-day-holiday-schedule__20140326155155.xls
000  xls/2015-4th-of-july-holiday-schedule__20150326113453.xls
000  xls/2015-4th-of-july-holiday-schedule__20150905224045.xls
000  xls/2015-christmas-holiday-schedule__20150326080923.xls
000  xls/2015-christmas-holiday-schedule__20150905223328.xls
000  xls/2015-christmas-holiday-schedule__20151203081205.xls
000  xls/2015-christmas-holiday-schedule__20160205173603.xls
000  xls/2015-cme-group-holiday-schedule__20150320071217.xls
000  xls/2015-columbus-day-holiday-schedule__20150326113300.xls
000  xls/2015-good-friday-holiday-schedule__20150326081240.xls
000  xls/2015-good-friday-holiday-schedule__20150905223558.xls
000  xls/2015-holiday-calendars__20160808150227.zip
200 88064 xls/2015-labor-day-holiday-schedule__20150326073728.xls
000  xls/2015-labor-day-holiday-schedule__20150905221329.xls
200 86528 xls/2015-martin-luther-king-holiday-schedule__20150326081057.xls
000  xls/2015-memorial-day-holiday-schedule__20150326080234.xls
000  xls/2015-memorial-day-holiday-schedule__20150905222827.xls
200 54272 xls/2015-new-years-holiday-schedule__20140326160333.xls
000  xls/2015-presidents-day-holiday-schedule__20150326113344.xls
000  xls/2015-thanksgiving-holiday-schedule__20150326081728.xls
000  xls/2015-thanksgiving-holiday-schedule__20150905223959.xls
200 86016 xls/2015-thanksgiving-holiday-schedule__20151203081209.xls
200 24576 xls/2015-veterans-day-holiday-schedule__20150326113806.xls
000  xls/2016-new-years-holiday-schedule__20150326121932.xls
000  xls/2016-new-years-holiday-schedule__20150905223948.xls
000  xls/2016-new-years-holiday-schedule__20151203081729.xls
