== 2026-10-04T00:28:29Z CC-MAIN-2010
   -> 2026-10-04T00:28:40Z 167 bytes
== 2026-10-04T00:28:43Z CC-MAIN-2011
   -> 2026-10-04T00:28:54Z 167 bytes
== 2026-10-04T00:28:57Z CC-MAIN-2012
   -> 2026-10-04T00:29:07Z 167 bytes
== 2026-10-04T00:29:10Z CC-MAIN-2013-20
   -> 2026-10-04T00:29:21Z 167 bytes
== 2026-10-04T00:29:24Z CC-MAIN-2013-48
   -> 2026-10-04T00:29:35Z 167 bytes
== 2026-10-04T00:29:38Z CC-MAIN-2014-10
   -> 2026-10-04T00:29:48Z 167 bytes
== 2026-10-04T00:29:52Z CC-MAIN-2014-15
   -> 2026-10-04T00:30:02Z 167 bytes
== 2026-10-04T00:31:38Z CC-MAIN-2013-20 try1
   -> 2026-10-04T00:31:49Z 167 bytes
== 2026-10-04T00:32:09Z CC-MAIN-2013-20 try2
   -> 2026-10-04T00:32:20Z 167 bytes
== 2026-10-04T00:32:40Z CC-MAIN-2013-48 try1
   -> 2026-10-04T00:32:51Z 167 bytes
== 2026-10-04T00:33:11Z CC-MAIN-2013-48 try2
   -> 2026-10-04T00:33:21Z 167 bytes
== 2026-10-04T00:33:41Z CC-MAIN-2014-10 try1
   -> 2026-10-04T00:33:52Z 167 bytes
== 2026-10-04T00:34:12Z CC-MAIN-2014-10 try2
   -> 2026-10-04T00:34:23Z 167 bytes
== 2026-10-04T00:42:11Z CC-MAIN-2013-20 retry-final
   -> 2026-10-04T00:42:22Z 167 bytes
== 2026-10-04T00:42:32Z CC-MAIN-2014-10 retry-final
   -> 2026-10-04T00:42:42Z 94 bytes
