== 2026-10-04T00:16:20Z cdx-edu-sixswiss-educ.json
   -> 2026-10-04T00:16:26Z 34664 bytes
== 2026-10-04T00:16:28Z cdx-edu-sixswiss-training.json
   -> 2026-10-04T00:16:33Z 7792 bytes
== 2026-10-04T00:16:35Z cdx-edu-sixswiss-ausbildung.json
   -> 2026-10-04T00:16:44Z 185 bytes
== 2026-10-04T00:16:46Z cdx-edu-sixswiss-dokumentation.json
   -> 2026-10-04T00:16:50Z 0 bytes
== 2026-10-04T00:16:52Z cdx-edu-swiss-training-prefix.json
   -> 2026-10-04T00:17:00Z 2185 bytes
== 2026-10-04T00:17:02Z cdx-edu-sixgroup-educ.json
   -> 2026-10-04T00:17:19Z 552 bytes
== 2026-10-04T00:17:21Z cdx-edu-sixgroup-training.json
   -> 2026-10-04T00:17:42Z 0 bytes
== 2026-10-04T00:17:44Z cdx-edu-swx-educ.json
   -> 2026-10-04T00:17:50Z 30945 bytes
== 2026-10-04T00:22:22Z cdx-sixswiss-kalender.txt
   -> 2026-10-04T00:22:24Z 0 bytes
== 2026-10-04T00:22:26Z cdx-sixswiss-calendrier.txt
   -> 2026-10-04T00:22:28Z 0 bytes
== 2026-10-04T00:22:30Z cdx-sixswiss-feiertag.txt
   -> 2026-10-04T00:22:32Z 0 bytes
== 2026-10-04T00:22:34Z cdx-sixswiss-holiday.txt
   -> 2026-10-04T00:22:36Z 1121 bytes
== 2026-10-04T00:22:38Z cdx-sixswiss-publication.txt
   -> 2026-10-04T00:22:47Z 50327 bytes
== 2026-10-04T00:22:49Z cdx-sixswiss-regulation-html.txt
   -> 2026-10-04T00:23:14Z 31156 bytes
== 2026-10-04T00:23:16Z cdx-swx-calendar.txt
   -> 2026-10-04T00:23:25Z 2942 bytes
== 2026-10-04T00:23:27Z cdx-sixgroup-kalender.txt
   -> 2026-10-04T00:23:37Z 2564 bytes
== 2026-10-04T00:23:39Z cdx-sixgroup-hyphen-guides.txt
   -> 2026-10-04T00:23:49Z 25474 bytes
== 2026-10-04T00:23:51Z cdx-sixgroup-notices.txt
   -> 2026-10-04T00:24:02Z 0 bytes
== 2026-10-04T00:24:04Z cdx-sixswiss-notices.txt
   -> 2026-10-04T00:24:10Z 32724 bytes
== 2026-10-04T00:27:08Z cdx-uncollapsed-tg-20100111.txt
   -> 2026-10-04T00:27:24Z 0 bytes
== 2026-10-04T00:27:26Z cdx-uncollapsed-archive-tg-all.txt
   -> 2026-10-04T00:27:35Z 595 bytes
== 2026-10-04T00:27:37Z cdx-uncollapsed-tc-en.txt
   -> 2026-10-04T00:27:56Z 1062 bytes
== 2026-10-04T00:27:58Z cdx-sixgroup-exchanges-archive.txt
   -> 2026-10-04T00:28:01Z 303 bytes
== 2026-10-04T00:28:03Z cdx-swissguide-2010-variants.txt
   -> 2026-10-04T00:28:04Z 0 bytes
== 2026-10-04T00:35:52Z swx.ch domain calendar filter
   -> 620 bytes
== 2026-10-04T00:35:55Z six-swiss-exchange.ch domain sweep
   -> 0 bytes
