1/96 84/2010 swx_message_201012010826_en.pdf ts=20110108223423 2026-10-04T01:35:13Z->2026-10-04T01:35:14Z http=200 119166 magic='PDF' 
2/96 82/2010 swx_message_201011260802_en.pdf ts=20110108223754 2026-10-04T01:35:14Z->2026-10-04T01:35:16Z http=200 35197 magic='PDF' 
3/96 79/2010 swx_message_201011151537_en.pdf ts=20110108223622 2026-10-04T01:35:16Z->2026-10-04T01:35:17Z http=200 104634 magic='PDF' 
4/96 77/2010 swx_message_201011031536_en.pdf ts=20151129091515 2026-10-04T01:35:17Z->2026-10-04T01:35:19Z http=200 45026 magic='PDF' 
5/96 75/2010 swx_message_201010251510_en.pdf ts=20110108223943 2026-10-04T01:35:19Z->2026-10-04T01:35:20Z http=200 31579 magic='PDF' 
6/96 66/2010 swx_message_201008261652_en.pdf ts=20110108224116 2026-10-04T01:35:20Z->2026-10-04T01:35:21Z http=200 31745 magic='PDF' 
7/96 65/2010 swx_message_201008201746_en.pdf ts=20110108222854 2026-10-04T01:35:21Z->2026-10-04T01:35:22Z http=200 50764 magic='PDF' 
8/96 64/2010 swx_message_201008201349_en.pdf ts=20110108223045 2026-10-04T01:35:22Z->2026-10-04T01:35:23Z http=200 52225 magic='PDF' 
9/96 63/2010 swx_message_201007291136_en.pdf ts=20110108222948 2026-10-04T01:35:23Z->2026-10-04T01:35:24Z http=200 138935 magic='PDF' 
10/96 61/2010 swx_message_201007260937_en.pdf ts=20110108223535 2026-10-04T01:35:24Z->2026-10-04T01:35:25Z http=200 26559 magic='PDF' 
11/96 60/2010 swx_message_201007260935_en.pdf ts=20110108223132 2026-10-04T01:35:25Z->2026-10-04T01:35:27Z http=200 76849 magic='PDF' 
12/96 56/2010 swx_message_201007090837_en.pdf ts=20110108223332 2026-10-04T01:35:27Z->2026-10-04T01:35:28Z http=200 46885 magic='PDF' 
13/96 52/2010 swx_message_201006281640_en.pdf ts=20110108223709 2026-10-04T01:35:28Z->2026-10-04T01:35:29Z http=200 31662 magic='PDF' 
14/96 47/2010 swx_message_201006081739_en.pdf ts=20110108224028 2026-10-04T01:35:29Z->2026-10-04T01:35:30Z http=200 30234 magic='PDF' 
15/96 46/2010 swx_message_201006030730_en.pdf ts=20110108224409 2026-10-04T01:35:30Z->2026-10-04T01:35:31Z http=200 46616 magic='PDF' 
16/96 43/2010 swx_message_201005251607_en.pdf ts=20110108223246 2026-10-04T01:35:31Z->2026-10-04T01:35:32Z http=200 55529 magic='PDF' 
17/96 40/2010 swx_message_201005061524_en.pdf ts=20110108224551 2026-10-04T01:35:32Z->2026-10-04T01:35:33Z http=200 38501 magic='PDF' 
18/96 38/2010 swx_message_201005031736_en.pdf ts=20110108224508 2026-10-04T01:35:33Z->2026-10-04T01:35:35Z http=200 49125 magic='PDF' 
19/96 35/2010 swx_message_201004260744_en.pdf ts=20110108224204 2026-10-04T01:35:35Z->2026-10-04T01:35:36Z http=200 46772 magic='PDF' 
20/96 33/2010 swx_message_201004261523_en.pdf ts=20110108223843 2026-10-04T01:35:36Z->2026-10-04T01:35:37Z http=200 32399 magic='PDF' 
21/96 22/2010 swx_message_201003150805_en.pdf ts=20100331175022 2026-10-04T01:35:37Z->2026-10-04T01:35:38Z http=000 0 magic=b'' curl: (7) Failed to connect to web.archive.org port 443 after 173 ms: Couldn't connect to server
22/96 10/2010 swx_message_201001251744_en.pdf ts=20110108222812 2026-10-04T01:35:38Z->2026-10-04T01:35:38Z http=000 0 magic=b'' curl: (7) Failed to connect to web.archive.org port 443 after 172 ms: Couldn't connect to server
23/96 08/2010 swx_message_201001220953_en.pdf ts=20100214212116 2026-10-04T01:35:38Z->2026-10-04T01:35:38Z http=000 0 magic=b'' curl: (7) Failed to connect to web.archive.org port 443 after 180 ms: Couldn't connect to server
24/96 06/2010 swx_message_201001190856_en.pdf ts=20100215193357 2026-10-04T01:35:38Z->2026-10-04T01:35:38Z http=000 0 magic=b'' curl: (7) Failed to connect to web.archive.org port 443 after 182 ms: Couldn't connect to server
25/96 04/2010 swx_message_201001081013_en.pdf ts=20100215194359 2026-10-04T01:35:38Z->2026-10-04T01:35:38Z http=000 0 magic=b'' curl: (7) Failed to connect to web.archive.org port 443 after 184 ms: Couldn't connect to server
26/96 01/2010 swx_message_201001041657_en.pdf ts=20100215194243 2026-10-04T01:35:38Z->2026-10-04T01:35:39Z http=000 0 magic=b'' curl: (7) Failed to connect to web.archive.org port 443 after 177 ms: Couldn't connect to server
27/96 71/2011 swx_message_201112221536_en.pdf ts=20121018174214 2026-10-04T01:35:39Z->2026-10-04T01:35:39Z http=000 0 magic=b'' curl: (7) Failed to connect to web.archive.org port 443 after 176 ms: Couldn't connect to server
28/96 70/2011 swx_message_201112221534_en.pdf ts=20121018182040 2026-10-04T01:35:39Z->2026-10-04T01:35:39Z http=000 0 magic=b'' curl: (7) Failed to connect to web.archive.org port 443 after 174 ms: Couldn't connect to server
29/96 69/2011 swx_message_201112151536_en.pdf ts=20121018181050 2026-10-04T01:35:39Z->2026-10-04T01:35:39Z http=000 0 magic=b'' curl: (7) Failed to connect to web.archive.org port 443 after 175 ms: Couldn't connect to server
30/96 68/2011 swx_message_201112010959_en.pdf ts=20121018181026 2026-10-04T01:35:39Z->2026-10-04T01:35:39Z http=000 0 magic=b'' curl: (7) Failed to connect to web.archive.org port 443 after 180 ms: Couldn't connect to server
31/96 67/2011 swx_message_201111231740_en.pdf ts=20121018174210 2026-10-04T01:35:39Z->2026-10-04T01:35:39Z http=000 0 magic=b'' curl: (7) Failed to connect to web.archive.org port 443 after 177 ms: Couldn't connect to server
32/96 66/2011 swx_message_201111231739_en.pdf ts=20121018174202 2026-10-04T01:35:39Z->2026-10-04T01:35:40Z http=000 0 magic=b'' curl: (7) Failed to connect to web.archive.org port 443 after 173 ms: Couldn't connect to server
33/96 65/2011 swx_message_201111221500_en.pdf ts=20121018174158 2026-10-04T01:35:40Z->2026-10-04T01:35:40Z http=000 0 magic=b'' curl: (7) Failed to connect to web.archive.org port 443 after 175 ms: Couldn't connect to server
34/96 64/2011 swx_message_201111161402_en.pdf ts=20121018181014 2026-10-04T01:35:40Z->2026-10-04T01:35:40Z http=000 0 magic=b'' curl: (7) Failed to connect to web.archive.org port 443 after 184 ms: Couldn't connect to server
35/96 63/2011 swx_message_201111010924_en.pdf ts=20121018181009 2026-10-04T01:35:40Z->2026-10-04T01:35:40Z http=000 0 magic=b'' curl: (7) Failed to connect to web.archive.org port 443 after 173 ms: Couldn't connect to server
36/96 62/2011 swx_message_201110261635_en.pdf ts=20121018174155 2026-10-04T01:35:40Z->2026-10-04T01:35:40Z http=000 0 magic=b'' curl: (7) Failed to connect to web.archive.org port 443 after 175 ms: Couldn't connect to server
37/96 61/2011 swx_message_201110251713_en.pdf ts=20121018173941 2026-10-04T01:35:40Z->2026-10-04T01:35:41Z http=000 0 magic=b'' curl: (7) Failed to connect to web.archive.org port 443 after 184 ms: Couldn't connect to server
38/96 60/2011 swx_message_201110251617_en.pdf ts=20121018181002 2026-10-04T01:35:41Z->2026-10-04T01:35:41Z http=000 0 magic=b'' curl: (7) Failed to connect to web.archive.org port 443 after 173 ms: Couldn't connect to server
39/96 59/2011 swx_message_201110251613_en.pdf ts=20121018173937 2026-10-04T01:35:41Z->2026-10-04T01:35:41Z http=000 0 magic=b'' curl: (7) Failed to connect to web.archive.org port 443 after 175 ms: Couldn't connect to server
40/96 58/2011 swx_message_201110051554_en.pdf ts=20121018173930 2026-10-04T01:35:41Z->2026-10-04T01:35:41Z http=000 0 magic=b'' curl: (7) Failed to connect to web.archive.org port 443 after 181 ms: Couldn't connect to server
41/96 57/2011 swx_message_201109291840_en.pdf ts=20121018180959 2026-10-04T01:35:41Z->2026-10-04T01:35:41Z http=000 0 magic=b'' curl: (7) Failed to connect to web.archive.org port 443 after 172 ms: Couldn't connect to server
42/96 56/2011 swx_message_201109261618_en.pdf ts=20121018180952 2026-10-04T01:35:41Z->2026-10-04T01:35:42Z http=000 0 magic=b'' curl: (7) Failed to connect to web.archive.org port 443 after 181 ms: Couldn't connect to server
43/96 55/2011 swx_message_201109261341_en.pdf ts=20121018180943 2026-10-04T01:35:42Z->2026-10-04T01:35:42Z http=000 0 magic=b'' curl: (7) Failed to connect to web.archive.org port 443 after 172 ms: Couldn't connect to server
44/96 54/2011 swx_message_201109261340_en.pdf ts=20121018173927 2026-10-04T01:35:42Z->2026-10-04T01:35:42Z http=000 0 magic=b'' curl: (7) Failed to connect to web.archive.org port 443 after 182 ms: Couldn't connect to server
45/96 53/2011 swx_message_201109201154_en.pdf ts=20121018180939 2026-10-04T01:35:42Z->2026-10-04T01:35:42Z http=000 0 magic=b'' curl: (7) Failed to connect to web.archive.org port 443 after 183 ms: Couldn't connect to server
46/96 51/2011 swx_message_201109120810_en.pdf ts=20121018173923 2026-10-04T01:35:42Z->2026-10-04T01:35:42Z http=000 0 magic=b'' curl: (7) Failed to connect to web.archive.org port 443 after 176 ms: Couldn't connect to server
47/96 50/2011 swx_message_201108311805_en.pdf ts=20121018173914 2026-10-04T01:35:42Z->2026-10-04T01:35:43Z http=000 0 magic=b'' curl: (7) Failed to connect to web.archive.org port 443 after 174 ms: Couldn't connect to server
48/96 49/2011 swx_message_201108250926_en.pdf ts=20121018180932 2026-10-04T01:35:43Z->2026-10-04T01:35:43Z http=000 0 magic=b'' curl: (7) Failed to connect to web.archive.org port 443 after 175 ms: Couldn't connect to server
49/96 48/2011 swx_message_201108250925_en.pdf ts=20121018173808 2026-10-04T01:35:43Z->2026-10-04T01:35:43Z http=000 0 magic=b'' curl: (7) Failed to connect to web.archive.org port 443 after 172 ms: Couldn't connect to server
50/96 47/2011 swx_message_201108220818_en.pdf ts=20120618133355 2026-10-04T01:35:43Z->2026-10-04T01:35:43Z http=000 0 magic=b'' curl: (7) Failed to connect to web.archive.org port 443 after 175 ms: Couldn't connect to server
51/96 46/2011 swx_message_201108101629_en.pdf ts=20121018180922 2026-10-04T01:35:43Z->2026-10-04T01:35:43Z http=000 0 magic=b'' curl: (7) Failed to connect to web.archive.org port 443 after 182 ms: Couldn't connect to server
52/96 45/2011 swx_message_201108041621_en.pdf ts=20121018173801 2026-10-04T01:35:43Z->2026-10-04T01:35:44Z http=000 0 magic=b'' curl: (7) Failed to connect to web.archive.org port 443 after 182 ms: Couldn't connect to server
53/96 44/2011 swx_message_201108031844_en.pdf ts=20121018180920 2026-10-04T01:35:44Z->2026-10-04T01:35:44Z http=000 0 magic=b'' curl: (7) Failed to connect to web.archive.org port 443 after 173 ms: Couldn't connect to server
54/96 43/2011 swx_message_201108031841_en.pdf ts=20121018173753 2026-10-04T01:35:44Z->2026-10-04T01:35:44Z http=000 0 magic=b'' curl: (7) Failed to connect to web.archive.org port 443 after 173 ms: Couldn't connect to server
55/96 42/2011 swx_message_201107291433_en.pdf ts=20121018180914 2026-10-04T01:35:44Z->2026-10-04T01:35:44Z http=000 0 magic=b'' curl: (7) Failed to connect to web.archive.org port 443 after 176 ms: Couldn't connect to server
56/96 41/2011 swx_message_201107271700_en.pdf ts=20121018180909 2026-10-04T01:35:44Z->2026-10-04T01:35:44Z http=000 0 magic=b'' curl: (7) Failed to connect to web.archive.org port 443 after 175 ms: Couldn't connect to server
57/96 40/2011 swx_message_201107261611_en.pdf ts=20121018180904 2026-10-04T01:35:44Z->2026-10-04T01:35:45Z http=000 0 magic=b'' curl: (7) Failed to connect to web.archive.org port 443 after 182 ms: Couldn't connect to server
58/96 39/2011 swx_message_201107261610_en.pdf ts=20121018173752 2026-10-04T01:35:45Z->2026-10-04T01:35:45Z http=000 0 magic=b'' curl: (7) Failed to connect to web.archive.org port 443 after 175 ms: Couldn't connect to server
59/96 38/2011 swx_message_201107251140_en.pdf ts=20121018180901 2026-10-04T01:35:45Z->2026-10-04T01:35:45Z http=000 0 magic=b'' curl: (7) Failed to connect to web.archive.org port 443 after 182 ms: Couldn't connect to server
60/96 37/2011 swx_message_201107201054_en.pdf ts=20121018180850 2026-10-04T01:35:45Z->2026-10-04T01:35:45Z http=000 0 magic=b'' curl: (7) Failed to connect to web.archive.org port 443 after 184 ms: Couldn't connect to server
61/96 36/2011 swx_message_201107081735_en.pdf ts=20110819122957 2026-10-04T01:35:45Z->2026-10-04T01:35:45Z http=000 0 magic=b'' curl: (7) Failed to connect to web.archive.org port 443 after 181 ms: Couldn't connect to server
62/96 35/2011 swx_message_201107061542_en.pdf ts=20121018173738 2026-10-04T01:35:45Z->2026-10-04T01:35:46Z http=000 0 magic=b'' curl: (7) Failed to connect to web.archive.org port 443 after 181 ms: Couldn't connect to server
63/96 34/2011 swx_message_201107011702_en.pdf ts=20121018173732 2026-10-04T01:35:46Z->2026-10-04T01:35:46Z http=000 0 magic=b'' curl: (7) Failed to connect to web.archive.org port 443 after 172 ms: Couldn't connect to server
64/96 33/2011 swx_message_201106301813_en.pdf ts=20121018175627 2026-10-04T01:35:46Z->2026-10-04T01:35:46Z http=000 0 magic=b'' curl: (7) Failed to connect to web.archive.org port 443 after 182 ms: Couldn't connect to server
65/96 32/2011 swx_message_201106301621_en.pdf ts=20121018173727 2026-10-04T01:35:46Z->2026-10-04T01:35:46Z http=000 0 magic=b'' curl: (7) Failed to connect to web.archive.org port 443 after 175 ms: Couldn't connect to server
66/96 31/2011 swx_message_201106231031_en.pdf ts=20121018173721 2026-10-04T01:35:46Z->2026-10-04T01:35:46Z http=000 0 magic=b'' curl: (7) Failed to connect to web.archive.org port 443 after 176 ms: Couldn't connect to server
67/96 30/2011 swx_message_201106231030_en.pdf ts=20121018175622 2026-10-04T01:35:46Z->2026-10-04T01:35:47Z http=000 0 magic=b'' curl: (7) Failed to connect to web.archive.org port 443 after 183 ms: Couldn't connect to server
68/96 29/2011 swx_message_201106061707_en.pdf ts=20121018175616 2026-10-04T01:35:47Z->2026-10-04T01:35:47Z http=000 0 magic=b'' curl: (7) Failed to connect to web.archive.org port 443 after 175 ms: Couldn't connect to server
69/96 28/2011 swx_message_201105311017_en.pdf ts=20121018175611 2026-10-04T01:35:47Z->2026-10-04T01:35:47Z http=000 0 magic=b'' curl: (7) Failed to connect to web.archive.org port 443 after 173 ms: Couldn't connect to server
70/96 27/2011 swx_message_201105271741_en.pdf ts=20121018173716 2026-10-04T01:35:47Z->2026-10-04T01:35:47Z http=000 0 magic=b'' curl: (7) Failed to connect to web.archive.org port 443 after 184 ms: Couldn't connect to server
71/96 26/2011 swx_message_201105251723_en.pdf ts=20121018175607 2026-10-04T01:35:47Z->2026-10-04T01:35:47Z http=000 0 magic=b'' curl: (7) Failed to connect to web.archive.org port 443 after 175 ms: Couldn't connect to server
72/96 25/2011 swx_message_201105251721_en.pdf ts=20121018175601 2026-10-04T01:35:47Z->2026-10-04T01:35:48Z http=000 0 magic=b'' curl: (7) Failed to connect to web.archive.org port 443 after 182 ms: Couldn't connect to server
73/96 24/2011 swx_message_201105161603_en.pdf ts=20121018173710 2026-10-04T01:35:48Z->2026-10-04T01:35:48Z http=000 0 magic=b'' curl: (7) Failed to connect to web.archive.org port 443 after 175 ms: Couldn't connect to server
74/96 23/2011 swx_message_201104271640_en.pdf ts=20121018175556 2026-10-04T01:35:48Z->2026-10-04T01:35:48Z http=000 0 magic=b'' curl: (7) Failed to connect to web.archive.org port 443 after 175 ms: Couldn't connect to server
75/96 22/2011 swx_message_201104271638_en.pdf ts=20121018173702 2026-10-04T01:35:48Z->2026-10-04T01:35:48Z http=000 0 magic=b'' curl: (7) Failed to connect to web.archive.org port 443 after 183 ms: Couldn't connect to server
76/96 21/2011 swx_message_201104261844_en.pdf ts=20121018175551 2026-10-04T01:35:48Z->2026-10-04T01:35:48Z http=000 0 magic=b'' curl: (7) Failed to connect to web.archive.org port 443 after 184 ms: Couldn't connect to server
77/96 20/2011 swx_message_201104261603_en.pdf ts=20121018175545 2026-10-04T01:35:48Z->2026-10-04T01:35:49Z http=000 0 magic=b'' curl: (7) Failed to connect to web.archive.org port 443 after 175 ms: Couldn't connect to server
78/96 19/2011 swx_message_201104211155_en.pdf ts=20121018173657 2026-10-04T01:35:49Z->2026-10-04T01:35:49Z http=000 0 magic=b'' curl: (7) Failed to connect to web.archive.org port 443 after 181 ms: Couldn't connect to server
79/96 18/2011 swx_message_201104191331_en.pdf ts=20121018173652 2026-10-04T01:35:49Z->2026-10-04T01:35:49Z http=000 0 magic=b'' curl: (7) Failed to connect to web.archive.org port 443 after 175 ms: Couldn't connect to server
80/96 17/2011 swx_message_201104131427_en.pdf ts=20121018175541 2026-10-04T01:35:49Z->2026-10-04T01:35:49Z http=000 0 magic=b'' curl: (7) Failed to connect to web.archive.org port 443 after 174 ms: Couldn't connect to server
81/96 16/2011 swx_message_201104051800_en.pdf ts=20121018175535 2026-10-04T01:35:49Z->2026-10-04T01:35:49Z http=000 0 magic=b'' curl: (7) Failed to connect to web.archive.org port 443 after 173 ms: Couldn't connect to server
82/96 15/2011 swx_message_201104011415_en.pdf ts=20121018173648 2026-10-04T01:35:49Z->2026-10-04T01:35:50Z http=000 0 magic=b'' curl: (7) Failed to connect to web.archive.org port 443 after 180 ms: Couldn't connect to server
83/96 14/2011 swx_message_201103251615_en.pdf ts=20121018175531 2026-10-04T01:35:50Z->2026-10-04T01:35:50Z http=000 0 magic=b'' curl: (7) Failed to connect to web.archive.org port 443 after 180 ms: Couldn't connect to server
84/96 13/2011 swx_message_201103251614_en.pdf ts=20121018173642 2026-10-04T01:35:50Z->2026-10-04T01:35:50Z http=000 0 magic=b'' curl: (7) Failed to connect to web.archive.org port 443 after 182 ms: Couldn't connect to server
85/96 12/2011 swx_message_201103151652_en.pdf ts=20121018173634 2026-10-04T01:35:50Z->2026-10-04T01:35:50Z http=000 0 magic=b'' curl: (7) Failed to connect to web.archive.org port 443 after 184 ms: Couldn't connect to server
86/96 11/2011 swx_message_201103140800_en.pdf ts=20110820003325 2026-10-04T01:35:50Z->2026-10-04T01:35:50Z http=000 0 magic=b'' curl: (7) Failed to connect to web.archive.org port 443 after 185 ms: Couldn't connect to server
87/96 10/2011 swx_message_201103111618_en.pdf ts=20121018175520 2026-10-04T01:35:50Z->2026-10-04T01:35:51Z http=000 0 magic=b'' curl: (7) Failed to connect to web.archive.org port 443 after 175 ms: Couldn't connect to server
88/96 09/2011 swx_message_201103090836_en.pdf ts=20121018173632 2026-10-04T01:35:51Z->2026-10-04T01:35:51Z http=000 0 magic=b'' curl: (7) Failed to connect to web.archive.org port 443 after 175 ms: Couldn't connect to server
89/96 08/2011 swx_message_201102221600_en.pdf ts=20121018173626 2026-10-04T01:35:51Z->2026-10-04T01:35:51Z http=000 0 magic=b'' curl: (7) Failed to connect to web.archive.org port 443 after 181 ms: Couldn't connect to server
90/96 07/2011 swx_message_201102221413_en.pdf ts=20121018175513 2026-10-04T01:35:51Z->2026-10-04T01:35:51Z http=000 0 magic=b'' curl: (7) Failed to connect to web.archive.org port 443 after 175 ms: Couldn't connect to server
91/96 06/2011 swx_message_201102210800_en.pdf ts=20121018173619 2026-10-04T01:35:51Z->2026-10-04T01:35:51Z http=000 0 magic=b'' curl: (7) Failed to connect to web.archive.org port 443 after 185 ms: Couldn't connect to server
92/96 05/2011 swx_message_201102081653_en.pdf ts=20121018175508 2026-10-04T01:35:51Z->2026-10-04T01:35:52Z http=000 0 magic=b'' curl: (7) Failed to connect to web.archive.org port 443 after 176 ms: Couldn't connect to server
93/96 04/2011 swx_message_201101311538_en.pdf ts=20121018173614 2026-10-04T01:35:52Z->2026-10-04T01:35:52Z http=000 0 magic=b'' curl: (7) Failed to connect to web.archive.org port 443 after 175 ms: Couldn't connect to server
94/96 03/2011 swx_message_201101281601_en.pdf ts=20121018175503 2026-10-04T01:35:52Z->2026-10-04T01:35:52Z http=000 0 magic=b'' curl: (7) Failed to connect to web.archive.org port 443 after 182 ms: Couldn't connect to server
95/96 02/2011 swx_message_201101281558_en.pdf ts=20121018173608 2026-10-04T01:35:52Z->2026-10-04T01:35:52Z http=000 0 magic=b'' curl: (7) Failed to connect to web.archive.org port 443 after 184 ms: Couldn't connect to server
96/96 01/2011 swx_message_201101030915_en.pdf ts=20121018173602 2026-10-04T01:35:52Z->2026-10-04T01:35:52Z http=000 0 magic=b'' curl: (7) Failed to connect to web.archive.org port 443 after 176 ms: Couldn't connect to server
RETRY 1/76 22/2010 swx_message_201003150805_en.pdf 01:36:33Z->01:36:38Z 200 42565 magic=PDF curl: (7) Failed to connect to web.archive.org port 443 after 195 ms: Couldn't c
RETRY 2/76 10/2010 swx_message_201001251744_en.pdf 01:36:38Z->01:36:44Z 200 28375 magic=PDF curl: (7) Failed to connect to web.archive.org port 443 after 174 ms: Couldn't c
RETRY 3/76 08/2010 swx_message_201001220953_en.pdf 01:36:44Z->01:36:45Z 200 38097 magic=PDF 
RETRY 4/76 06/2010 swx_message_201001190856_en.pdf 01:36:46Z->01:36:47Z 200 36490 magic=PDF 
RETRY 5/76 04/2010 swx_message_201001081013_en.pdf 01:36:47Z->01:36:48Z 200 35090 magic=PDF 
RETRY 6/76 01/2010 swx_message_201001041657_en.pdf 01:36:49Z->01:36:50Z 200 45433 magic=PDF 
RETRY 7/76 71/2011 swx_message_201112221536_en.pdf 01:36:50Z->01:36:52Z 200 27999 magic=PDF 
RETRY 8/76 70/2011 swx_message_201112221534_en.pdf 01:36:52Z->01:36:53Z 200 35690 magic=PDF 
RETRY 9/76 69/2011 swx_message_201112151536_en.pdf 01:36:54Z->01:36:55Z 200 38672 magic=PDF 
RETRY 10/76 68/2011 swx_message_201112010959_en.pdf 01:36:55Z->01:36:57Z 200 162992 magic=PDF 
RETRY 11/76 67/2011 swx_message_201111231740_en.pdf 01:36:57Z->01:36:58Z 200 27965 magic=PDF 
RETRY 12/76 66/2011 swx_message_201111231739_en.pdf 01:36:58Z->01:37:00Z 200 35907 magic=PDF 
RETRY 13/76 65/2011 swx_message_201111221500_en.pdf 01:37:01Z->01:37:03Z 200 39409 magic=PDF 
RETRY 14/76 64/2011 swx_message_201111161402_en.pdf 01:37:03Z->01:37:04Z 200 41886 magic=PDF 
RETRY 15/76 63/2011 swx_message_201111010924_en.pdf 01:37:05Z->01:37:06Z 200 28465 magic=PDF 
RETRY 16/76 62/2011 swx_message_201110261635_en.pdf 01:37:06Z->01:37:08Z 200 40060 magic=PDF 
RETRY 17/76 61/2011 swx_message_201110251713_en.pdf 01:37:08Z->01:37:09Z 200 39207 magic=PDF 
RETRY 18/76 60/2011 swx_message_201110251617_en.pdf 01:37:10Z->01:37:11Z 200 27956 magic=PDF 
RETRY 19/76 59/2011 swx_message_201110251613_en.pdf 01:37:11Z->01:37:12Z 200 99670 magic=PDF 
RETRY 20/76 58/2011 swx_message_201110051554_en.pdf 01:37:13Z->01:37:16Z 200 100322 magic=PDF 
RETRY 21/76 57/2011 swx_message_201109291840_en.pdf 01:37:16Z->01:37:33Z 000 0 magic=BAD curl: (7) Failed to connect to web.archive.org port 443 after 179 ms: Couldn't c
RETRY 22/76 56/2011 swx_message_201109261618_en.pdf 01:37:33Z->01:37:47Z 200 128412 magic=PDF curl: (7) Failed to connect to web.archive.org port 443 after 172 ms: Couldn't c
RETRY 23/76 55/2011 swx_message_201109261341_en.pdf 01:37:48Z->01:37:49Z 200 27321 magic=PDF 
RETRY 24/76 54/2011 swx_message_201109261340_en.pdf 01:37:49Z->01:37:55Z 200 99809 magic=PDF curl: (7) Failed to connect to web.archive.org port 443 after 172 ms: Couldn't c
RETRY 25/76 53/2011 swx_message_201109201154_en.pdf 01:37:55Z->01:37:59Z 200 38367 magic=PDF 
RETRY 26/76 51/2011 swx_message_201109120810_en.pdf 01:38:00Z->01:38:01Z 200 24745 magic=PDF 
RETRY 27/76 50/2011 swx_message_201108311805_en.pdf 01:38:01Z->01:38:06Z 200 23003 magic=PDF curl: (7) Failed to connect to web.archive.org port 443 after 174 ms: Couldn't c
RETRY 28/76 49/2011 swx_message_201108250926_en.pdf 01:38:07Z->01:38:12Z 200 29310 magic=PDF curl: (7) Failed to connect to web.archive.org port 443 after 185 ms: Couldn't c
RETRY 29/76 48/2011 swx_message_201108250925_en.pdf 01:38:13Z->01:38:18Z 200 100732 magic=PDF curl: (7) Failed to connect to web.archive.org port 443 after 181 ms: Couldn't c
RETRY 30/76 47/2011 swx_message_201108220818_en.pdf 01:38:19Z->01:38:20Z 200 29718 magic=PDF 
RETRY 31/76 46/2011 swx_message_201108101629_en.pdf 01:38:20Z->01:38:21Z 200 29426 magic=PDF 
RETRY 32/76 45/2011 swx_message_201108041621_en.pdf 01:38:21Z->01:38:27Z 200 37688 magic=PDF curl: (7) Failed to connect to web.archive.org port 443 after 173 ms: Couldn't c
RETRY 33/76 44/2011 swx_message_201108031844_en.pdf 01:38:27Z->01:38:32Z 200 45354 magic=PDF curl: (7) Failed to connect to web.archive.org port 443 after 181 ms: Couldn't c
RETRY 34/76 43/2011 swx_message_201108031841_en.pdf 01:38:33Z->01:38:34Z 200 50608 magic=PDF 
RETRY 35/76 42/2011 swx_message_201107291433_en.pdf 01:38:35Z->01:38:36Z 200 27371 magic=PDF 
RETRY 36/76 41/2011 swx_message_201107271700_en.pdf 01:38:36Z->01:38:37Z 200 38784 magic=PDF 
RETRY 37/76 40/2011 swx_message_201107261611_en.pdf 01:38:38Z->01:38:39Z 200 26122 magic=PDF 
RETRY 38/76 39/2011 swx_message_201107261610_en.pdf 01:38:39Z->01:38:40Z 200 79696 magic=PDF 
RETRY 39/76 38/2011 swx_message_201107251140_en.pdf 01:38:41Z->01:38:42Z 200 27406 magic=PDF 
RETRY 40/76 37/2011 swx_message_201107201054_en.pdf 01:38:42Z->01:38:44Z 200 40919 magic=PDF 
RETRY 41/76 36/2011 swx_message_201107081735_en.pdf 01:38:44Z->01:38:45Z 200 44120 magic=PDF 
RETRY 42/76 35/2011 swx_message_201107061542_en.pdf 01:38:46Z->01:39:04Z 200 27642 magic=PDF curl: (7) Failed to connect to web.archive.org port 443 after 181 ms: Couldn't c
RETRY 43/76 34/2011 swx_message_201107011702_en.pdf 01:39:05Z->01:39:14Z 200 25694 magic=PDF curl: (7) Failed to connect to web.archive.org port 443 after 172 ms: Couldn't c
RETRY 44/76 33/2011 swx_message_201106301813_en.pdf 01:39:15Z->01:39:20Z 200 112714 magic=PDF curl: (7) Failed to connect to web.archive.org port 443 after 172 ms: Couldn't c
RETRY 45/76 32/2011 swx_message_201106301621_en.pdf 01:39:20Z->01:39:22Z 200 39328 magic=PDF 
RETRY 46/76 31/2011 swx_message_201106231031_en.pdf 01:39:22Z->01:39:23Z 200 29821 magic=PDF 
RETRY 47/76 30/2011 swx_message_201106231030_en.pdf 01:39:24Z->01:39:29Z 200 50346 magic=PDF curl: (7) Failed to connect to web.archive.org port 443 after 183 ms: Couldn't c
RETRY 48/76 29/2011 swx_message_201106061707_en.pdf 01:39:29Z->01:39:39Z 200 38251 magic=PDF curl: (7) Failed to connect to web.archive.org port 443 after 173 ms: Couldn't c
RETRY 49/76 28/2011 swx_message_201105311017_en.pdf 01:39:39Z->01:39:40Z 200 36678 magic=PDF 
RETRY 50/76 27/2011 swx_message_201105271741_en.pdf 01:39:41Z->01:39:42Z 200 38316 magic=PDF 
RETRY 51/76 26/2011 swx_message_201105251723_en.pdf 01:39:42Z->01:39:43Z 200 30389 magic=PDF 
RETRY 52/76 25/2011 swx_message_201105251721_en.pdf 01:39:44Z->01:39:45Z 200 34548 magic=PDF 
RETRY 53/76 24/2011 swx_message_201105161603_en.pdf 01:39:46Z->01:39:51Z 200 125278 magic=PDF curl: (7) Failed to connect to web.archive.org port 443 after 171 ms: Couldn't c
RETRY 54/76 23/2011 swx_message_201104271640_en.pdf 01:39:52Z->01:39:57Z 200 29791 magic=PDF curl: (7) Failed to connect to web.archive.org port 443 after 171 ms: Couldn't c
RETRY 55/76 22/2011 swx_message_201104271638_en.pdf 01:39:58Z->01:40:03Z 200 38627 magic=PDF curl: (7) Failed to connect to web.archive.org port 443 after 171 ms: Couldn't c
RETRY 56/76 21/2011 swx_message_201104261844_en.pdf 01:40:03Z->01:40:04Z 200 41382 magic=PDF 
RETRY 57/76 20/2011 swx_message_201104261603_en.pdf 01:40:05Z->01:40:06Z 200 50467 magic=PDF 
RETRY 58/76 19/2011 swx_message_201104211155_en.pdf 01:40:06Z->01:40:07Z 200 52955 magic=PDF 
RETRY 59/76 18/2011 swx_message_201104191331_en.pdf 01:40:08Z->01:40:09Z 200 49082 magic=PDF 
RETRY 60/76 17/2011 swx_message_201104131427_en.pdf 01:40:09Z->01:40:16Z 200 33511 magic=PDF curl: (7) Failed to connect to web.archive.org port 443 after 172 ms: Couldn't c
RETRY 61/76 16/2011 swx_message_201104051800_en.pdf 01:40:16Z->01:40:17Z 200 46624 magic=PDF 
RETRY 62/76 15/2011 swx_message_201104011415_en.pdf 01:40:18Z->01:40:19Z 200 42316 magic=PDF 
RETRY 63/76 14/2011 swx_message_201103251615_en.pdf 01:40:19Z->01:40:37Z 200 29872 magic=PDF curl: (7) Failed to connect to web.archive.org port 443 after 181 ms: Couldn't c
RETRY 64/76 13/2011 swx_message_201103251614_en.pdf 01:40:37Z->01:40:47Z 200 37614 magic=PDF curl: (7) Failed to connect to web.archive.org port 443 after 172 ms: Couldn't c
RETRY 65/76 12/2011 swx_message_201103151652_en.pdf 01:40:47Z->01:40:48Z 200 27227 magic=PDF 
RETRY 66/76 11/2011 swx_message_201103140800_en.pdf 01:40:49Z->01:40:54Z 200 34728 magic=PDF curl: (7) Failed to connect to web.archive.org port 443 after 182 ms: Couldn't c
RETRY 67/76 10/2011 swx_message_201103111618_en.pdf 01:40:54Z->01:40:56Z 200 51271 magic=PDF 
RETRY 68/76 09/2011 swx_message_201103090836_en.pdf 01:40:56Z->01:40:57Z 200 46666 magic=PDF 
RETRY 69/76 08/2011 swx_message_201102221600_en.pdf 01:40:58Z->01:40:59Z 200 89195 magic=PDF 
RETRY 70/76 07/2011 swx_message_201102221413_en.pdf 01:40:59Z->01:41:09Z 200 56492 magic=PDF curl: (7) Failed to connect to web.archive.org port 443 after 171 ms: Couldn't c
RETRY 71/76 06/2011 swx_message_201102210800_en.pdf 01:41:09Z->01:41:11Z 200 34463 magic=PDF 
RETRY 72/76 05/2011 swx_message_201102081653_en.pdf 01:41:11Z->01:41:13Z 200 48677 magic=PDF 
RETRY 73/76 04/2011 swx_message_201101311538_en.pdf 01:41:13Z->01:41:15Z 200 42973 magic=PDF 
RETRY 74/76 03/2011 swx_message_201101281601_en.pdf 01:41:15Z->01:41:16Z 200 40651 magic=PDF 
RETRY 75/76 02/2011 swx_message_201101281558_en.pdf 01:41:17Z->01:41:18Z 200 109814 magic=PDF 
RETRY 76/76 01/2011 swx_message_201101030915_en.pdf 01:41:19Z->01:41:37Z 200 51981 magic=PDF curl: (7) Failed to connect to web.archive.org port 443 after 172 ms: Couldn't c
