2026-09-06T05:16:09Z  cs133_jina.txt  https://www.cmegroup.com/CmeWS/mvc/ContractSpecs/List/productId/133  sha256=556324d02d0087e6e1c8b9cbfe528deebb2164e67abb6e0a1858873c4708f252  bytes=    4504
2026-09-06T05:16:16Z  slate_esq.txt  https://www.cmegroup.com/services/product-slate?pageNumber=1&pageSize=50&sortField=globexCode&sortAsc=true&q=ESQ  sha256=7a7bb0a54ddcb4b25023407edb99e4c1b1b5a7406183821fb52c5d9d497e6ab4  bytes=   29468
2026-09-06T05:16:29Z  slate_cme_all.txt  https://www.cmegroup.com/services/product-slate?pageNumber=1&pageSize=3000&sortField=globexCode&sortAsc=true&exchange=CME  sha256=f8c19413c8e939539c7558edf431958844e3fc87f0f421a9cc0102f909d80341  bytes=  269562
2026-09-06T05:16:38Z  th_133_w1.txt  https://www.cmegroup.com/services/trading-hours-by-product?id=133&fromEventDate=2026-08-28&toEventDate=2026-09-08  sha256=ddd0a3cc13a52f057597c1e9b28a693915953c6499d4dc6e7204a8e04e3f5251  bytes=     336
2026-09-06T05:16:42Z  th_133_w1.txt  https://www.cmegroup.com/services/trading-hours-by-product?id=133&pageNumber=1&pageSize=999&sortAsc=true&fromEventDate=2026-08-28&toEventDate=2026-09-08  sha256=0621ac4e037c45f13a9c5ad738682cc3fe3d2537a2559cb2c14d0d307ec814f6  bytes=    2919
2026-09-06T05:16:55Z  slate_cme_p2.txt  https://www.cmegroup.com/services/product-slate?pageNumber=2&pageSize=500&sortField=globexCode&sortAsc=true&exchange=CME  sha256=bc5fee973f51f01d43b7b8f75483a26d7de4f5a42147061a9f81f6b9d84d34d4  bytes=  268571
2026-09-06T05:17:22Z  slate_cme_p3.txt  https://www.cmegroup.com/services/product-slate?pageNumber=3&pageSize=500&sortField=globexCode&sortAsc=true&exchange=CME  sha256=9e25c737264f7a0b10776fc36dfb673d68c99ef7f53ba430d0be7679881536bf  bytes=  275889
2026-09-06T05:17:28Z  slate_cme_p4.txt  https://www.cmegroup.com/services/product-slate?pageNumber=4&pageSize=500&sortField=globexCode&sortAsc=true&exchange=CME  sha256=c3c41355311644b709b91f61f0feb00a08b508f0f5f3fb5af66cafc4ec3f0cb4  bytes=  275805
2026-09-06T05:17:34Z  slate_cme_p5.txt  https://www.cmegroup.com/services/product-slate?pageNumber=5&pageSize=500&sortField=globexCode&sortAsc=true&exchange=CME  sha256=08fd6cdf1b2536d1084d2fa90035c2fdef2c59873482c4fdbe97b2f532ca2384  bytes=  277403
2026-09-06T05:17:40Z  slate_cme_p6.txt  https://www.cmegroup.com/services/product-slate?pageNumber=6&pageSize=500&sortField=globexCode&sortAsc=true&exchange=CME  sha256=23fcf2f93096d157a4f8a9809dbef31ebbd52b97c7aadd477cf3f96f3d50aa2e  bytes=  275586
2026-09-06T05:17:46Z  slate_cme_p7.txt  https://www.cmegroup.com/services/product-slate?pageNumber=7&pageSize=500&sortField=globexCode&sortAsc=true&exchange=CME  sha256=8513967ba9d25042bfea0961ae9679c48ae2bea90207fb81b548bf067fc0cebb  bytes=  137573
2026-09-06T05:18:04Z  th_8528_aug29.txt  https://www.cmegroup.com/services/trading-hours-by-product?id=8528&pageNumber=1&pageSize=999&sortAsc=true&fromEventDate=2026-08-24&toEventDate=2026-09-13  sha256=e35069803ecdc0005d67d5d2b664c51d4c4acd7e0a177829d1ee7d2e012226d7  bytes=    8640
2026-09-06T05:19:05Z  th_8914.txt  https://www.cmegroup.com/services/trading-hours-by-product?id=8914&pageNumber=1&pageSize=999&sortAsc=true&fromEventDate=2026-08-24&toEventDate=2026-09-13  sha256=595040733d8bc24519cc41e61dd058cccb2377a73ad34c96fc60df2ee0d643a1  bytes=    8649
2026-09-06T05:19:14Z  th_8915.txt  https://www.cmegroup.com/services/trading-hours-by-product?id=8915&pageNumber=1&pageSize=999&sortAsc=true&fromEventDate=2026-08-24&toEventDate=2026-09-13  sha256=e3148744f7b96635538745e7817f51f37d1b728f82de5203083d3c74b457263d  bytes=    8653
2026-09-06T05:19:23Z  th_10508.txt  https://www.cmegroup.com/services/trading-hours-by-product?id=10508&pageNumber=1&pageSize=999&sortAsc=true&fromEventDate=2026-08-24&toEventDate=2026-09-13  sha256=75ab37e5840c38db1551403bf1777bc08444aa3a4dab093bbd860876edd22478  bytes=    5931
2026-09-06T05:19:32Z  th_7968.txt  https://www.cmegroup.com/services/trading-hours-by-product?id=7968&pageNumber=1&pageSize=999&sortAsc=true&fromEventDate=2026-08-24&toEventDate=2026-09-13  sha256=430468fdf637b9c9464d8f4496b301f2d0915e29a0fb38e4dc60a08b4d5a2929  bytes=    4862
2026-09-06T05:19:40Z  th_8689.txt  https://www.cmegroup.com/services/trading-hours-by-product?id=8689&pageNumber=1&pageSize=999&sortAsc=true&fromEventDate=2026-08-24&toEventDate=2026-09-13  sha256=3cbc2acd642d14afa1491112f586e91b1c71fe6f7158fdb85d7ab3831c6adf59  bytes=    5091
2026-09-06T05:19:49Z  th_8407.txt  https://www.cmegroup.com/services/trading-hours-by-product?id=8407&pageNumber=1&pageSize=999&sortAsc=true&fromEventDate=2026-08-24&toEventDate=2026-09-13  sha256=2811db6ed861fc35016227067895ecafbc4f513802f07bb1052c5b4b7f6de933  bytes=    4863
2026-09-06T05:20:40Z  th_all_probe.txt  https://www.cmegroup.com/services/trading-hours-by-product?pageNumber=1&pageSize=200&sortAsc=true&fromEventDate=2026-09-04&toEventDate=2026-09-07  sha256=65ccf50ab4ae312f8769383b1da20c517b0c8c99cc03a47e9cc98a743184d04b  bytes=  171854
2026-09-06T05:20:48Z  thall_p1.txt  https://www.cmegroup.com/services/trading-hours-by-product?pageNumber=1&pageSize=500&sortAsc=true&fromEventDate=2026-09-04&toEventDate=2026-09-07  sha256=2b45db502af2731a37e3ac7fbd9db84349430350a56d8aa0584c72cebf61a103  bytes=     337
2026-09-06T05:21:00Z  thall_p2.txt  https://www.cmegroup.com/services/trading-hours-by-product?pageNumber=2&pageSize=500&sortAsc=true&fromEventDate=2026-09-04&toEventDate=2026-09-07  sha256=ab3a96ca15a67925a8b07e03bcbc4a7d3d936bd28c419bb92f06404b62817bfa  bytes=     337
2026-09-06T05:21:12Z  thall_p3.txt  https://www.cmegroup.com/services/trading-hours-by-product?pageNumber=3&pageSize=500&sortAsc=true&fromEventDate=2026-09-04&toEventDate=2026-09-07  sha256=98449b0a23dadf8cc16ee5283424fc331356702d2f77611635a81067000a057f  bytes=     337
2026-09-06T05:21:24Z  thall_p4.txt  https://www.cmegroup.com/services/trading-hours-by-product?pageNumber=4&pageSize=500&sortAsc=true&fromEventDate=2026-09-04&toEventDate=2026-09-07  sha256=0b3256361dc18624fd5d4ea1944136a9366df4540a24f23123f62776af520dba  bytes=     337
2026-09-06T05:21:36Z  thall_p5.txt  https://www.cmegroup.com/services/trading-hours-by-product?pageNumber=5&pageSize=500&sortAsc=true&fromEventDate=2026-09-04&toEventDate=2026-09-07  sha256=c94b90d027867dc6a6eeffdb829a47319db571bb78cf3e4b25e36f7286070db6  bytes=     337
2026-09-06T05:22:08Z  thall_p6.txt  https://www.cmegroup.com/services/trading-hours-by-product?pageNumber=6&pageSize=500&sortAsc=true&fromEventDate=2026-09-04&toEventDate=2026-09-07  sha256=1a402c74b81461285a324ba1378a018fa43708a7ba48c618bdf8ca091c4b6a70  bytes=     337
2026-09-06T05:22:20Z  thall_p7.txt  https://www.cmegroup.com/services/trading-hours-by-product?pageNumber=7&pageSize=500&sortAsc=true&fromEventDate=2026-09-04&toEventDate=2026-09-07  sha256=a2b8443eaba7a66c2d96fd0e745670214dcb723ba5bd8fd738c6691d0d4dec78  bytes=  223164
2026-09-06T05:22:39Z  thallB_p1.txt  https://www.cmegroup.com/services/trading-hours-by-product?pageNumber=1&pageSize=200&sortAsc=true&fromEventDate=2026-09-04&toEventDate=2026-09-07  sha256=65ccf50ab4ae312f8769383b1da20c517b0c8c99cc03a47e9cc98a743184d04b  bytes=  171854
2026-09-06T05:22:47Z  thallB_p2.txt  https://www.cmegroup.com/services/trading-hours-by-product?pageNumber=2&pageSize=200&sortAsc=true&fromEventDate=2026-09-04&toEventDate=2026-09-07  sha256=33616dcfeb36cf0d86fa630c878a7fdb493f964fbe6f8a27aeef17a774fb8ac9  bytes=  174266
2026-09-06T05:22:55Z  thallB_p3.txt  https://www.cmegroup.com/services/trading-hours-by-product?pageNumber=3&pageSize=200&sortAsc=true&fromEventDate=2026-09-04&toEventDate=2026-09-07  sha256=1af7d137743789ee9c837e8c22a300d5ee8810f648adf0cdb6fad7b3c2eb0c2d  bytes=  177518
2026-09-06T05:23:03Z  thallB_p4.txt  https://www.cmegroup.com/services/trading-hours-by-product?pageNumber=4&pageSize=200&sortAsc=true&fromEventDate=2026-09-04&toEventDate=2026-09-07  sha256=f1ebe5a708854615add73cbc5838eae3c74fc53d56ac7384ea5e9b719d3cf962  bytes=  174104
2026-09-06T05:23:30Z  thallB_p5.txt  https://www.cmegroup.com/services/trading-hours-by-product?pageNumber=5&pageSize=200&sortAsc=true&fromEventDate=2026-09-04&toEventDate=2026-09-07  sha256=1a73addb511fb2eb228e470773bdbec1ea65c6f21e1d6b311d4d7d595de66611  bytes=  178494
2026-09-06T05:23:38Z  thallB_p6.txt  https://www.cmegroup.com/services/trading-hours-by-product?pageNumber=6&pageSize=200&sortAsc=true&fromEventDate=2026-09-04&toEventDate=2026-09-07  sha256=d0b7c37dd44171cebd3a037898c3069ce6e12199c1378ec268bd568ad365108a  bytes=  175590
2026-09-06T05:23:45Z  thallB_p7.txt  https://www.cmegroup.com/services/trading-hours-by-product?pageNumber=7&pageSize=200&sortAsc=true&fromEventDate=2026-09-04&toEventDate=2026-09-07  sha256=041ba6d9f41ae6da3d963ad61d82072429ee61ea9683c1bca980be3799d69c5f  bytes=  183598
2026-09-06T05:23:53Z  thallB_p8.txt  https://www.cmegroup.com/services/trading-hours-by-product?pageNumber=8&pageSize=200&sortAsc=true&fromEventDate=2026-09-04&toEventDate=2026-09-07  sha256=b0f645d4c230090b57b0c0b7212fa300a6b1e7ae7200f3d854b62bcae30f8be5  bytes=  179850
2026-09-06T05:24:00Z  thallB_p9.txt  https://www.cmegroup.com/services/trading-hours-by-product?pageNumber=9&pageSize=200&sortAsc=true&fromEventDate=2026-09-04&toEventDate=2026-09-07  sha256=22ec22d36d6b835ba51a2e14e92022de748d7bb995ab721e79426af977fda632  bytes=  179368
2026-09-06T05:24:08Z  thallB_p10.txt  https://www.cmegroup.com/services/trading-hours-by-product?pageNumber=10&pageSize=200&sortAsc=true&fromEventDate=2026-09-04&toEventDate=2026-09-07  sha256=e98be4546b24f3f99ae8b02c117844f469c30ab8e220b723916a223f095140c0  bytes=  178917
2026-09-06T05:24:15Z  thallB_p11.txt  https://www.cmegroup.com/services/trading-hours-by-product?pageNumber=11&pageSize=200&sortAsc=true&fromEventDate=2026-09-04&toEventDate=2026-09-07  sha256=63a38370ea672adfd3c336142288dbbb2df83459bbc25ef57e2dd286c74ab351  bytes=  175327
2026-09-06T05:24:22Z  thallB_p12.txt  https://www.cmegroup.com/services/trading-hours-by-product?pageNumber=12&pageSize=200&sortAsc=true&fromEventDate=2026-09-04&toEventDate=2026-09-07  sha256=ca00243cdc30802ded12fed425365cb3ca54d4d495216418091e24757f5bc4ef  bytes=  180564
2026-09-06T05:24:30Z  thallB_p13.txt  https://www.cmegroup.com/services/trading-hours-by-product?pageNumber=13&pageSize=200&sortAsc=true&fromEventDate=2026-09-04&toEventDate=2026-09-07  sha256=46ad4f8a0c7a440f1ce639bbf002a28b9db83ca285fb3b55eb3eeb7cdd2d695c  bytes=  177225
2026-09-06T05:24:37Z  thallB_p14.txt  https://www.cmegroup.com/services/trading-hours-by-product?pageNumber=14&pageSize=200&sortAsc=true&fromEventDate=2026-09-04&toEventDate=2026-09-07  sha256=7999e8f8b538b56d7f2a2e640b717289bb7e9f7154212a7134066ac8bb168688  bytes=  182078
2026-09-06T05:24:45Z  thallB_p15.txt  https://www.cmegroup.com/services/trading-hours-by-product?pageNumber=15&pageSize=200&sortAsc=true&fromEventDate=2026-09-04&toEventDate=2026-09-07  sha256=daa66806e5e0ba191ebaab222cbbd2bccddff8b98449e950b922258c8d3d4c6b  bytes=  174001
2026-09-06T05:24:52Z  thallB_p16.txt  https://www.cmegroup.com/services/trading-hours-by-product?pageNumber=16&pageSize=200&sortAsc=true&fromEventDate=2026-09-04&toEventDate=2026-09-07  sha256=5d15a0a6617475b8fe9a017cd36702230bb7217a4b05fd9899ea7de59cc7e194  bytes=  184441
2026-09-06T05:24:59Z  thallB_p17.txt  https://www.cmegroup.com/services/trading-hours-by-product?pageNumber=17&pageSize=200&sortAsc=true&fromEventDate=2026-09-04&toEventDate=2026-09-07  sha256=125a78f8535fdb711c8c9f1f5817a83d8e6b7ca0e15eb3a94f925ff6fe5aa6fd  bytes=   39031
2026-09-06T05:25:40Z  th_8633.txt  https://www.cmegroup.com/services/trading-hours-by-product?id=8633&pageNumber=1&pageSize=999&sortAsc=true&fromEventDate=2026-08-24&toEventDate=2026-09-13  sha256=a2d6c40cc02c2bc34febb0d13e2507505f05e1f2d035fd8aa00202699ba57e4e  bytes=    8732
2026-09-06T05:25:48Z  th_8634.txt  https://www.cmegroup.com/services/trading-hours-by-product?id=8634&pageNumber=1&pageSize=999&sortAsc=true&fromEventDate=2026-08-24&toEventDate=2026-09-13  sha256=04ef776f47752c1c5abc4361b5db757c6eea8990c6df9fee9de7b84e378e12dc  bytes=    8735
2026-09-06T05:26:22Z  th_8528_jan.txt  https://www.cmegroup.com/services/trading-hours-by-product?id=8528&pageNumber=1&pageSize=999&sortAsc=true&fromEventDate=2027-01-06&toEventDate=2027-01-19  sha256=ae57c379e6ffe41f15e59d40905ab1014c6748d0283736078e6e02d2c042446c  bytes=    5835
2026-09-06T05:26:31Z  th_8528_hist.txt  https://www.cmegroup.com/services/trading-hours-by-product?id=8528&pageNumber=1&pageSize=999&sortAsc=true&fromEventDate=2019-01-06&toEventDate=2019-01-19  sha256=776340fb9436cf57093f2c78bf0db38302205176d756aee8a218a0e02de54a49  bytes=    1312
2026-09-06T05:28:52Z  taco_faq.txt  https://www.cmegroup.com/education/articles-and-reports/trade-at-cash-open-taco-faq.html  sha256=29f8e521921e575eacb7bd1f029dc527982547f34ffed12ef787f061e5fbd3a9  bytes=   11278
2026-09-06T05:29:26Z  wiki_taco.txt  https://www.cmegroup.com/confluence/display/EPICSANDBOX/Basis+Trade+at+Cash+Open  sha256=224034d710a54d1d9cf02eb97d64dae3b04837005f997f6ecb4025abb477e040  bytes=    1371
2026-09-06T05:38:19Z  taco_product_page.txt  https://www.cmegroup.com/trading/equity-index/trade-at-cash-open.html  sha256=0f6fe9eb972461d3b96afe686beb2ffb9d2a639037df719f7595eddaf3ae2359  bytes=   23050
2026-09-06T05:38:26Z  rf24509.txt  https://www.cmegroup.com/content/dam/cmegroup/market-regulation/rule-filings/2024/12/24-509.pdf  sha256=c0f61e783538824776adb72e4ea180c5fc5e08e0bde74a7cee9efe43be3274ef  bytes=    5592
2026-09-06T05:38:45Z  SER-8795.txt  https://www.cmegroup.com/notices/ser/2021/06/SER-8795.html  sha256=e3fdb501521f2829bf5804f16ef46ea71614078ec5469e1fcb637b762cc27325  bytes=   10352
2026-09-06T05:38:54Z  SER-8795-pdf.txt  https://www.cmegroup.com/notices/ser/2021/06/SER-8795.pdf  sha256=4a25e87e32ae70a1bb89085f483b340547fde5876e3c9132420e7a28bc3b64eb  bytes=    2152
2026-09-06T05:40:26Z  SER-8124R.txt  https://www.cmegroup.com/notices/ser/2018/04/SER-8124R.html  sha256=109dff0ea43d28931dc4fd68bf5adae97bd292a08f75da98c0d58c85a2e16a4b  bytes=    9888
2026-09-06T05:40:36Z  SER-8124R-pdf.txt  https://www.cmegroup.com/notices/ser/2018/04/SER-8124R.pdf  sha256=e04bfc5b58cf7c7c8321331eaf516236de326c92d21d077d6676d30d61b0771a  bytes=    7464
2026-09-06T05:41:40Z  Chadv21-234.txt  https://www.cmegroup.com/notices/clearing/2021/06/Chadv21-234.html  sha256=442f46cf9ed366eaf2c8e2461dc6a44d002f9bb6f6e919439ca7877d6d13f899  bytes=   10118
2026-09-06T05:41:44Z  Chadv21-234-pdf.txt  https://www.cmegroup.com/notices/clearing/2021/06/Chadv21-234.pdf  sha256=1959861d741b4dde946eef6842db6fdf25247a9cb47006964f8c01cb6402c0f1  bytes=    2236
2026-09-06T05:42:09Z  Chadv20-061.txt  https://www.cmegroup.com/notices/clearing/2020/02/Chadv20-061.html  sha256=142b8594c9aa1efd35ce19dcb809d74e6a67c29d76988192fcd14582f81552a2  bytes=   10236
2026-09-06T05:42:16Z  Chadv20-061-pdf.txt  https://www.cmegroup.com/notices/clearing/2020/02/Chadv20-061.pdf  sha256=a791f4718f60ada0fb10c91d45a0e0c64113c56f54f094d3d00709f2357cab79  bytes=    2544
