start 2026-10-02T07:41:34Z
lse/cdx-lse-domain-publicholiday-all-years.txt: http=504 attempt 1 07:42:34
lse/cdx-lse-domain-publicholiday-all-years.txt: http=504 attempt 2 07:44:05
lse/cdx-lse-domain-publicholiday-all-years.txt: http=504 attempt 3 07:46:05
lse/cdx-lse-domain-publicholiday-all-years.txt: http=504 attempt 4 07:48:36
lse/cdx-lse-domain-publicholiday-all-years.txt: http=504 attempt 5 07:51:36
lse/cdx-lse-domain-publicholiday-all-years.txt: http=504 attempt 6 07:55:07
lse/cdx-lse-domain-publicholiday-all-years.txt: http=504 attempt 7 07:59:07
lse/cdx-lse-domain-publicholiday-all-years.txt: http=504 attempt 8 08:03:38
GIVEUP lse/cdx-lse-domain-publicholiday-all-years.txt
OK lse/cdx-lse-domain-holiday-uncollapsed.txt (     607 lines) 08:09:07
lse/cdx-lse-serviceann-prefix-all.txt: http=504 attempt 1 08:10:07
lse/cdx-lse-serviceann-prefix-all.txt: http=504 attempt 2 08:11:38
lse/cdx-lse-serviceann-prefix-all.txt: http=504 attempt 3 08:13:39
lse/cdx-lse-serviceann-prefix-all.txt: http=504 attempt 4 08:16:09
lse/cdx-lse-serviceann-prefix-all.txt: http=504 attempt 5 08:19:10
lse/cdx-lse-serviceann-prefix-all.txt: http=504 attempt 6 08:22:40
lse/cdx-lse-serviceann-prefix-all.txt: http=504 attempt 7 08:26:41
OK lse/cdx-lse-serviceann-prefix-all.txt (       0 lines) 08:30:45
done 2026-10-02T08:30:45Z
