2016-clearport-holiday-schedule.pdf 200 24383
retry 2016-columbus-day-advisory.pdf 000 0
2016-columbus-day-advisory.pdf 200 58392
retry 2016-columbus-day-holiday-schedule.xls 000 0
2016-columbus-day-holiday-schedule.xls 200 34304
retry 2016-columbus-day-otc-advisory.pdf 000 0
retry 2016-columbus-day-otc-advisory.pdf 000 0
retry 2016-columbus-day-otc-advisory.pdf 000 0
2016-columbus-day-otc-advisory.pdf 200 282984
2016-good-friday-easter-advisory.pdf 200 52589
2016-good-friday-easter-otc-advisory.pdf 200 76142
2016-good-friday-holiday-schedule.pdf 200 51924
retry 2016-good-friday-holiday-schedule.xls 000 0
2016-good-friday-holiday-schedule.xls 200 67584
retry 2016-holiday-calendars.zip 000 0
retry 2016-holiday-calendars.zip 000 0
2016-holiday-calendars.zip 200 619386
2016-independence-day-advisory.pdf 200 60306
retry 2016-independence-day-otc-advisory.pdf 000 0
2016-new-years-holiday-schedule.pdf 200 193907
2016-new-years-holiday-schedule.xls 200 55808
2017-new-years-holiday-schedule.xls 200 57344
retry 2018-new-years-holiday-schedule.xls 000 0
retry 2018-new-years-holiday-schedule.xls 000 0
2018-new-years-holiday-schedule.xls 200 62976
retry 2016-martin-luther-king-holiday-schedule.pdf 000 0
2016-martin-luther-king-holiday-schedule.pdf 200 57075
retry 2016-martin-luther-king-holiday-schedule.xls 000 0
retry 2016-martin-luther-king-holiday-schedule.xls 000 0
2016-martin-luther-king-holiday-schedule.xls 200 88576
retry 2017-martin-luther-king-holiday-schedule.xls 000 0
retry 2017-martin-luther-king-holiday-schedule.xls 000 0
2017-martin-luther-king-holiday-schedule.xls 200 94208
retry 2018-martin-luther-king-holiday-schedule.xls 000 0
retry 2018-martin-luther-king-holiday-schedule.xls 000 0
retry 2018-martin-luther-king-holiday-schedule.xls 000 0
retry 2018-martin-luther-king-holiday-schedule.xls 000 0
2018-martin-luther-king-holiday-schedule.xls 200 91648
2016-presidents-day-holiday-schedule.pdf 200 62408
retry 2016-presidents-day-holiday-schedule.xls 000 0
retry 2016-presidents-day-holiday-schedule.xls 000 0
2016-presidents-day-holiday-schedule.xls 200 90624
retry 2017-presidents-day-holiday-schedule.xls 000 0
retry 2017-presidents-day-holiday-schedule.xls 000 0
2017-presidents-day-holiday-schedule.xls 200 93696
retry 2018-presidents-day-holiday-schedule.xls 000 0
retry 2018-presidents-day-holiday-schedule.xls 000 0
retry 2018-presidents-day-holiday-schedule.xls 000 0
2018-presidents-day-holiday-schedule.xls 200 91136
retry 2017-good-friday-holiday-schedule.xls 000 0
2017-good-friday-holiday-schedule.xls 200 69632
retry 2018-good-friday-holiday-schedule.xls 000 0
retry 2018-good-friday-holiday-schedule.xls 000 0
2018-good-friday-holiday-schedule.xls 200 75776
2016-memorial-day-holiday-schedule.pdf 200 57482
retry 2016-memorial-day-holiday-schedule.xls 000 0
2016-memorial-day-holiday-schedule.xls 200 111104
retry 2017-memorial-day-holiday-schedule.xls 000 0
retry 2017-memorial-day-holiday-schedule.xls 000 0
retry 2017-memorial-day-holiday-schedule.xls 000 0
retry 2017-memorial-day-holiday-schedule.xls 000 0
2017-memorial-day-holiday-schedule.xls 200 93696
retry 2018-memorial-day-holiday-schedule.xls 000 0
retry 2018-memorial-day-holiday-schedule.xls 000 0
retry 2018-memorial-day-holiday-schedule.xls 000 0
2018-memorial-day-holiday-schedule.xls 200 92160
retry 2017-4th-of-july-holiday-schedule.xls 000 0
2017-4th-of-july-holiday-schedule.xls 200 89600
retry 2018-4th-of-july-holiday-schedule.xls 000 0
2018-4th-of-july-holiday-schedule.xls 200 90112
2016-labor-day-holiday-schedule.pdf 200 51502
2016-labor-day-holiday-schedule.xls 200 88064
retry 2017-labor-day-holiday-schedule.xls 000 0
2017-labor-day-holiday-schedule.xls 200 87040
2018-labor-day-holiday-schedule.xls 200 94208
2016-thanksgiving-holiday-schedule.pdf 200 59556
2016-thanksgiving-holiday-schedule.xls 200 83968
2017-thanksgiving-holiday-schedule.xls 200 81408
2018-thanksgiving-holiday-schedule.xls 200 97280
2017-christmas-holiday-schedule.xls 200 66048
2018-christmas-holiday-schedule.xls 200 71680
2016-labor-day-advisory.pdf 200 62339
2016-memorial-day-advisory.pdf 200 299552
2016-mlk-day-advisory.pdf 200 299078
2016-presidents-day-advisory.pdf 200 298163
2016-thanksgiving-day-advisory.pdf 200 64735
2016-veterans-day-advisory.pdf 200 58520
retry 2017-christmas-holiday-advisory.pdf 000 0
2017-christmas-holiday-advisory.pdf 200 65762
2017-columbus-day-advisory.pdf 200 53818
2017-good-friday-easter-advisory.pdf 200 51565
2017-independence-day-advisory.pdf 200 55174
2017-labor-day-advisory.pdf 200 57083
retry 2017-memorial-day-advisory.pdf 000 0
2017-memorial-day-advisory.pdf 200 51864
retry 2017-mlk-day-advisory.pdf 000 0
2017-mlk-day-advisory.pdf 200 52162
2017-new-years-advisory.pdf 200 59784
2017-presidents-day-advisory.pdf 200 56702
2017-thanksgiving-day-advisory.pdf 200 43937
2018-4th-of-july-advisory.pdf 200 245400
2018-christmas-advisory.pdf 200 219084
2018-good-friday-advisory.pdf 200 209140
2018-labor-day-advisory.pdf 200 204610
2018-memorial-day-advisory.pdf 200 204396
2018-mlk-day-advisory.pdf 200 47470
2018-new-years-advisory.pdf 200 58477
2018-presidents-day-advisory.pdf 200 207875
2018-thanksgiving-advisory.pdf 200 204233
DONE
2017-4th-of-july-holiday-schedule--20171025.xls 200 93696
2017-labor-day-holiday-schedule--20171025.xls 200 93184
2017-thanksgiving-holiday-schedule--20171025.xls 200 91136
2017-christmas-holiday-schedule--20171025.xls 200 68096
2017-memorial-day-holiday-schedule--20171025.xls 200 93696
2018-new-years-holiday-schedule--20180106.xls 200 67584
2018-martin-luther-king-holiday-schedule--20180508.xls 200 91648
retry 2018-presidents-day-holiday-schedule--20180508.xls 000 0
2018-presidents-day-holiday-schedule--20180508.xls 200 93696
retry 2018-memorial-day-holiday-schedule--20180508.xls 000 0
retry 2018-memorial-day-holiday-schedule--20180508.xls 000 0
2018-memorial-day-holiday-schedule--20180508.xls 200 96768
2018-4th-of-july-holiday-schedule--20180508.xls 200 90112
DONE
2018-labor-day-holiday-schedule--20180508.xls 200 96768
2018-thanksgiving-holiday-schedule--20180508.xls 200 97280
2018-christmas-holiday-schedule--20180508.xls 200 71680
DONE
2016-new-years-holiday-schedule--20160108.pdf 200 64156
2016-new-years-holiday-schedule--20151203.xls 200 57856
DONE
